c:\users\asus\desktop\week9\week9\debug\vc143.pdb
c:\users\asus\desktop\week9\week9\debug\vc143.idb
c:\users\asus\desktop\2d-game-directx\week9\debug\vc143.pdb
c:\users\asus\desktop\2d-game-directx\week9\debug\vc143.idb
c:\users\asus\desktop\2d-game-directx\week9\debug\splashscreen.obj
c:\users\asus\desktop\2d-game-directx\week9\debug\mainmenu.obj
c:\users\asus\desktop\2d-game-directx\week9\debug\main.obj
c:\users\asus\desktop\2d-game-directx\week9\debug\frametimer.obj
c:\users\asus\desktop\2d-game-directx\week9\debug\filename.obj
c:\users\asus\desktop\2d-game-directx\week9\debug\audiomanager.obj
c:\users\asus\desktop\2d-game-directx\week9\debug\customshapes.obj
c:\users\asus\desktop\2d-game-directx\week9\debug\graphics.obj
c:\users\asus\desktop\2d-game-directx\week9\debug\ball.obj
c:\users\asus\desktop\2d-game-directx\week9\debug\obstacle.obj
c:\users\asus\desktop\2d-game-directx\week9\debug\paddle.obj
c:\users\asus\desktop\2d-game-directx\week9\debug\polygon.obj
c:\users\asus\desktop\2d-game-directx\week9\debug\input.obj
c:\users\asus\desktop\2d-game-directx\debug\week9.exe
c:\users\asus\desktop\2d-game-directx\debug\week9.pdb
c:\users\asus\desktop\2d-game-directx\week9\debug\week9.ilk
c:\users\asus\desktop\2d-game-directx\week9\debug\gameobject.obj
c:\users\asus\desktop\2d-game-directx\week9\debug\player.obj
c:\users\asus\desktop\2d-game-directx\week9\debug\week9.tlog\cl.command.1.tlog
c:\users\asus\desktop\2d-game-directx\week9\debug\week9.tlog\cl.items.tlog
c:\users\asus\desktop\2d-game-directx\week9\debug\week9.tlog\cl.read.1.tlog
c:\users\asus\desktop\2d-game-directx\week9\debug\week9.tlog\cl.write.1.tlog
c:\users\asus\desktop\2d-game-directx\week9\debug\week9.tlog\link.command.1.tlog
c:\users\asus\desktop\2d-game-directx\week9\debug\week9.tlog\link.read.1.tlog
c:\users\asus\desktop\2d-game-directx\week9\debug\week9.tlog\link.secondary.1.tlog
c:\users\asus\desktop\2d-game-directx\week9\debug\week9.tlog\link.write.1.tlog
